Flow report for AES1
Sat Nov  1 17:24:27 2025
Quartus Prime Version 24.1std.0 Build 1077 03/04/2025 SC Lite Edition


---------------------
; Table of Contents ;
---------------------
  1. Legal Notice
  2. Flow Summary
  3. Flow Settings
  4. Flow Non-Default Global Settings
  5. Flow Elapsed Time
  6. Flow OS Summary
  7. Flow Log
  8. Flow Messages
  9. Flow Suppressed Messages



----------------
; Legal Notice ;
----------------
Copyright (C) 2025  Altera Corporation. All rights reserved.
Your use of Altera Corporation's design tools, logic functions 
and other software and tools, and any partner logic 
functions, and any output files from any of the foregoing 
(including device programming or simulation files), and any 
associated documentation or information are expressly subject 
to the terms and conditions of the Altera Program License 
Subscription Agreement, the Altera Quartus Prime License Agreement,
the Altera IP License Agreement, or other applicable license
agreement, including, without limitation, that your use is for
the sole purpose of programming logic devices manufactured by
Altera and sold by Altera or its authorized distributors.  Please
refer to the Altera Software License Subscription Agreements 
on the Quartus Prime software download page.



+-----------------------------------------------------------------------------------+
; Flow Summary                                                                      ;
+---------------------------------+-------------------------------------------------+
; Flow Status                     ; Successful - Sat Nov  1 17:24:27 2025           ;
; Quartus Prime Version           ; 24.1std.0 Build 1077 03/04/2025 SC Lite Edition ;
; Revision Name                   ; AES1                                            ;
; Top-level Entity Name           ; aes_uart_top_module                             ;
; Family                          ; Cyclone V                                       ;
; Device                          ; 5CSEMA5F31C6                                    ;
; Timing Models                   ; Final                                           ;
; Logic utilization (in ALMs)     ; 28,942 / 32,070 ( 90 % )                        ;
; Total registers                 ; 34919                                           ;
; Total pins                      ; 5 / 457 ( 1 % )                                 ;
; Total virtual pins              ; 0                                               ;
; Total block memory bits         ; 1,548 / 4,065,280 ( < 1 % )                     ;
; Total DSP Blocks                ; 0 / 87 ( 0 % )                                  ;
; Total HSSI RX PCSs              ; 0                                               ;
; Total HSSI PMA RX Deserializers ; 0                                               ;
; Total HSSI TX PCSs              ; 0                                               ;
; Total HSSI PMA TX Serializers   ; 0                                               ;
; Total PLLs                      ; 0 / 6 ( 0 % )                                   ;
; Total DLLs                      ; 0 / 4 ( 0 % )                                   ;
+---------------------------------+-------------------------------------------------+


+-----------------------------------------+
; Flow Settings                           ;
+-------------------+---------------------+
; Option            ; Setting             ;
+-------------------+---------------------+
; Start date & time ; 11/01/2025 16:44:37 ;
; Main task         ; Compilation         ;
; Revision Name     ; AES1                ;
+-------------------+---------------------+


+---------------------------------------------------------------------------------------------------------------------------------------------------------+
; Flow Non-Default Global Settings                                                                                                                        ;
+--------------------------------------+----------------------------------------+---------------+---------------------+-----------------------------------+
; Assignment Name                      ; Value                                  ; Default Value ; Entity Name         ; Section Id                        ;
+--------------------------------------+----------------------------------------+---------------+---------------------+-----------------------------------+
; COMPILER_SIGNATURE_ID                ; 64142556126707.176199027702956         ; --            ; --                  ; --                                ;
; EDA_DESIGN_INSTANCE_NAME             ; NA                                     ; --            ; --                  ; MixColumns_function_tb            ;
; EDA_DESIGN_INSTANCE_NAME             ; NA                                     ; --            ; --                  ; inputstate_tb                     ;
; EDA_DESIGN_INSTANCE_NAME             ; NA                                     ; --            ; --                  ; shiftrow_tb                       ;
; EDA_DESIGN_INSTANCE_NAME             ; NA                                     ; --            ; --                  ; initual_transform_tb              ;
; EDA_DESIGN_INSTANCE_NAME             ; NA                                     ; --            ; --                  ; test1_tb                          ;
; EDA_DESIGN_INSTANCE_NAME             ; NA                                     ; --            ; --                  ; AES_pipeline_Encryption_tb        ;
; EDA_DESIGN_INSTANCE_NAME             ; NA                                     ; --            ; --                  ; AES1_tb                           ;
; EDA_DESIGN_INSTANCE_NAME             ; NA                                     ; --            ; --                  ; AES_CTR_Pipelined_tb              ;
; EDA_DESIGN_INSTANCE_NAME             ; NA                                     ; --            ; --                  ; tb_AES_CTR_pipeline_Handshake     ;
; EDA_DESIGN_INSTANCE_NAME             ; NA                                     ; --            ; --                  ; KeyExp_tb                         ;
; EDA_DESIGN_INSTANCE_NAME             ; NA                                     ; --            ; --                  ; t1                                ;
; EDA_DESIGN_INSTANCE_NAME             ; NA                                     ; --            ; --                  ; tb_AES_pipeline                   ;
; EDA_DESIGN_INSTANCE_NAME             ; NA                                     ; --            ; --                  ; AES_Encryption_TB                 ;
; EDA_GENERATE_FUNCTIONAL_NETLIST      ; Off                                    ; --            ; --                  ; eda_board_design_timing           ;
; EDA_GENERATE_FUNCTIONAL_NETLIST      ; Off                                    ; --            ; --                  ; eda_board_design_boundary_scan    ;
; EDA_GENERATE_FUNCTIONAL_NETLIST      ; Off                                    ; --            ; --                  ; eda_board_design_signal_integrity ;
; EDA_GENERATE_FUNCTIONAL_NETLIST      ; Off                                    ; --            ; --                  ; eda_formal_verification           ;
; EDA_GENERATE_FUNCTIONAL_NETLIST      ; Off                                    ; --            ; --                  ; eda_board_design_symbol           ;
; EDA_NATIVELINK_SIMULATION_TEST_BENCH ; AES_CTR_Pipelined_tb                   ; --            ; --                  ; eda_simulation                    ;
; EDA_OUTPUT_DATA_FORMAT               ; Systemverilog Hdl                      ; --            ; --                  ; eda_simulation                    ;
; EDA_SIMULATION_TOOL                  ; Questa Intel FPGA (SystemVerilog)      ; <None>        ; --                  ; --                                ;
; EDA_TEST_BENCH_ENABLE_STATUS         ; TEST_BENCH_MODE                        ; --            ; --                  ; eda_simulation                    ;
; EDA_TEST_BENCH_FILE                  ; AES_Encryption_tb.sv                   ; --            ; --                  ; AES_Encryption_tb                 ;
; EDA_TEST_BENCH_FILE                  ; MixColumns_function_tb.sv              ; --            ; --                  ; MixColumns_function_tb            ;
; EDA_TEST_BENCH_FILE                  ; inputstate_tb.sv                       ; --            ; --                  ; inputstate_tb                     ;
; EDA_TEST_BENCH_FILE                  ; shiftrow_tb.sv                         ; --            ; --                  ; shiftrow_tb                       ;
; EDA_TEST_BENCH_FILE                  ; initial_transform_tb.sv                ; --            ; --                  ; initual_transform_tb              ;
; EDA_TEST_BENCH_FILE                  ; test1_tb.sv                            ; --            ; --                  ; test1_tb                          ;
; EDA_TEST_BENCH_FILE                  ; AES_pipeline_Encryption_tb.sv          ; --            ; --                  ; AES_pipeline_Encryption_tb        ;
; EDA_TEST_BENCH_FILE                  ; AES1_tb.sv                             ; --            ; --                  ; AES1_tb                           ;
; EDA_TEST_BENCH_FILE                  ; AES_CTR_Pipelined_tb.sv                ; --            ; --                  ; AES_CTR_Pipelined_tb              ;
; EDA_TEST_BENCH_FILE                  ; tb_AES_CTR_pipeline_Handshake.sv       ; --            ; --                  ; tb_AES_CTR_pipeline_Handshake     ;
; EDA_TEST_BENCH_FILE                  ; KeyExp_tb.sv                           ; --            ; --                  ; KeyExp_tb                         ;
; EDA_TEST_BENCH_FILE                  ; AES1_tb.sv                             ; --            ; --                  ; t1                                ;
; EDA_TEST_BENCH_FILE                  ; tb_AES_pipeline.sv                     ; --            ; --                  ; tb_AES_pipeline                   ;
; EDA_TEST_BENCH_MODULE_NAME           ; AES_Encryption_tb                      ; --            ; --                  ; AES_Encryption_tb                 ;
; EDA_TEST_BENCH_MODULE_NAME           ; MixColumns_function_tb                 ; --            ; --                  ; MixColumns_function_tb            ;
; EDA_TEST_BENCH_MODULE_NAME           ; inputstate_tb                          ; --            ; --                  ; inputstate_tb                     ;
; EDA_TEST_BENCH_MODULE_NAME           ; shiftrow_tb                            ; --            ; --                  ; shiftrow_tb                       ;
; EDA_TEST_BENCH_MODULE_NAME           ; initual_transform_tb                   ; --            ; --                  ; initual_transform_tb              ;
; EDA_TEST_BENCH_MODULE_NAME           ; test1_tb                               ; --            ; --                  ; test1_tb                          ;
; EDA_TEST_BENCH_MODULE_NAME           ; AES_pipeline_Encryption_tb             ; --            ; --                  ; AES_pipeline_Encryption_tb        ;
; EDA_TEST_BENCH_MODULE_NAME           ; AES1_tb                                ; --            ; --                  ; AES1_tb                           ;
; EDA_TEST_BENCH_MODULE_NAME           ; AES_CTR_Pipelined_tb                   ; --            ; --                  ; AES_CTR_Pipelined_tb              ;
; EDA_TEST_BENCH_MODULE_NAME           ; tb_AES_CTR_pipeline_Handshake          ; --            ; --                  ; tb_AES_CTR_pipeline_Handshake     ;
; EDA_TEST_BENCH_MODULE_NAME           ; KeyExp_tb                              ; --            ; --                  ; KeyExp_tb                         ;
; EDA_TEST_BENCH_MODULE_NAME           ; t1                                     ; --            ; --                  ; t1                                ;
; EDA_TEST_BENCH_MODULE_NAME           ; tb_AES_pipeline                        ; --            ; --                  ; tb_AES_pipeline                   ;
; EDA_TEST_BENCH_NAME                  ; AES1_tb                                ; --            ; --                  ; eda_simulation                    ;
; EDA_TEST_BENCH_NAME                  ; MixColumns_function_tb                 ; --            ; --                  ; eda_simulation                    ;
; EDA_TEST_BENCH_NAME                  ; KeyExp_tb                              ; --            ; --                  ; eda_simulation                    ;
; EDA_TEST_BENCH_NAME                  ; AES_Encryption_tb                      ; --            ; --                  ; eda_simulation                    ;
; EDA_TEST_BENCH_NAME                  ; tb_AES_pipeline                        ; --            ; --                  ; eda_simulation                    ;
; EDA_TEST_BENCH_NAME                  ; AES_pipeline_Encryption_tb             ; --            ; --                  ; eda_simulation                    ;
; EDA_TEST_BENCH_NAME                  ; AES_CTR_Pipelined_tb                   ; --            ; --                  ; eda_simulation                    ;
; EDA_TEST_BENCH_NAME                  ; tb_AES_CTR_pipeline_Handshake          ; --            ; --                  ; eda_simulation                    ;
; EDA_TIME_SCALE                       ; 1 ps                                   ; --            ; --                  ; eda_simulation                    ;
; MAX_CORE_JUNCTION_TEMP               ; 85                                     ; --            ; --                  ; --                                ;
; MIN_CORE_JUNCTION_TEMP               ; 0                                      ; --            ; --                  ; --                                ;
; OUTPUT_IO_TIMING_FAR_END_VMEAS       ; Half Signal Swing                      ; --            ; --                  ; --                                ;
; OUTPUT_IO_TIMING_FAR_END_VMEAS       ; Half Signal Swing                      ; --            ; --                  ; --                                ;
; OUTPUT_IO_TIMING_NEAR_END_VMEAS      ; Half Vccio                             ; --            ; --                  ; --                                ;
; OUTPUT_IO_TIMING_NEAR_END_VMEAS      ; Half Vccio                             ; --            ; --                  ; --                                ;
; PARTITION_COLOR                      ; -- (Not supported for targeted family) ; --            ; aes_uart_top_module ; Top                               ;
; PARTITION_FITTER_PRESERVATION_LEVEL  ; -- (Not supported for targeted family) ; --            ; aes_uart_top_module ; Top                               ;
; PARTITION_NETLIST_TYPE               ; -- (Not supported for targeted family) ; --            ; aes_uart_top_module ; Top                               ;
; POWER_BOARD_THERMAL_MODEL            ; None (CONSERVATIVE)                    ; --            ; --                  ; --                                ;
; POWER_PRESET_COOLING_SOLUTION        ; 23 MM HEAT SINK WITH 200 LFPM AIRFLOW  ; --            ; --                  ; --                                ;
; PROJECT_OUTPUT_DIRECTORY             ; output_files                           ; --            ; --                  ; --                                ;
; TOP_LEVEL_ENTITY                     ; aes_uart_top_module                    ; AES1          ; --                  ; --                                ;
; VERILOG_INPUT_VERSION                ; SystemVerilog_2005                     ; Verilog_2001  ; --                  ; --                                ;
; VERILOG_SHOW_LMF_MAPPING_MESSAGES    ; Off                                    ; --            ; --                  ; --                                ;
+--------------------------------------+----------------------------------------+---------------+---------------------+-----------------------------------+


+--------------------------------------------------------------------------------------------------------------------------+
; Flow Elapsed Time                                                                                                        ;
+----------------------+--------------+-------------------------+---------------------+------------------------------------+
; Module Name          ; Elapsed Time ; Average Processors Used ; Peak Virtual Memory ; Total CPU Time (on all processors) ;
+----------------------+--------------+-------------------------+---------------------+------------------------------------+
; Analysis & Synthesis ; 00:02:16     ; 1.3                     ; 5476 MB             ; 00:02:46                           ;
; Fitter               ; 00:33:17     ; 1.1                     ; 6974 MB             ; 00:52:54                           ;
; Assembler            ; 00:00:45     ; 1.0                     ; 5241 MB             ; 00:00:41                           ;
; Timing Analyzer      ; 00:02:38     ; 1.8                     ; 5930 MB             ; 00:03:55                           ;
; EDA Netlist Writer   ; 00:00:21     ; 1.0                     ; 5085 MB             ; 00:00:21                           ;
; Total                ; 00:39:17     ; --                      ; --                  ; 01:00:37                           ;
+----------------------+--------------+-------------------------+---------------------+------------------------------------+


+------------------------------------------------------------------------------------+
; Flow OS Summary                                                                    ;
+----------------------+------------------+------------+------------+----------------+
; Module Name          ; Machine Hostname ; OS Name    ; OS Version ; Processor type ;
+----------------------+------------------+------------+------------+----------------+
; Analysis & Synthesis ; DESKTOP-J9PA9TU  ; Windows 10 ; 10.0       ; x86_64         ;
; Fitter               ; DESKTOP-J9PA9TU  ; Windows 10 ; 10.0       ; x86_64         ;
; Assembler            ; DESKTOP-J9PA9TU  ; Windows 10 ; 10.0       ; x86_64         ;
; Timing Analyzer      ; DESKTOP-J9PA9TU  ; Windows 10 ; 10.0       ; x86_64         ;
; EDA Netlist Writer   ; DESKTOP-J9PA9TU  ; Windows 10 ; 10.0       ; x86_64         ;
+----------------------+------------------+------------+------------+----------------+


------------
; Flow Log ;
------------
quartus_map --read_settings_files=on --write_settings_files=off AES1 -c AES1
quartus_fit --read_settings_files=off --write_settings_files=off AES1 -c AES1
quartus_asm --read_settings_files=off --write_settings_files=off AES1 -c AES1
quartus_sta AES1 -c AES1
quartus_eda --read_settings_files=off --write_settings_files=off AES1 -c AES1



