Timing Analyzer report for AES1
Sat Nov  1 17:24:04 2025
Quartus Prime Version 24.1std.0 Build 1077 03/04/2025 SC Lite Edition


---------------------
; Table of Contents ;
---------------------
  1. Legal Notice
  2. Timing Analyzer Summary
  3. Parallel Compilation
  4. SDC File List
  5. Clocks
  6. Slow 1100mV 85C Model Fmax Summary
  7. Timing Closure Recommendations
  8. Slow 1100mV 85C Model Setup Summary
  9. Slow 1100mV 85C Model Hold Summary
 10. Slow 1100mV 85C Model Recovery Summary
 11. Slow 1100mV 85C Model Removal Summary
 12. Slow 1100mV 85C Model Minimum Pulse Width Summary
 13. Slow 1100mV 85C Model Metastability Summary
 14. Slow 1100mV 0C Model Fmax Summary
 15. Slow 1100mV 0C Model Setup Summary
 16. Slow 1100mV 0C Model Hold Summary
 17. Slow 1100mV 0C Model Recovery Summary
 18. Slow 1100mV 0C Model Removal Summary
 19. Slow 1100mV 0C Model Minimum Pulse Width Summary
 20. Slow 1100mV 0C Model Metastability Summary
 21. Fast 1100mV 85C Model Setup Summary
 22. Fast 1100mV 85C Model Hold Summary
 23. Fast 1100mV 85C Model Recovery Summary
 24. Fast 1100mV 85C Model Removal Summary
 25. Fast 1100mV 85C Model Minimum Pulse Width Summary
 26. Fast 1100mV 85C Model Metastability Summary
 27. Fast 1100mV 0C Model Setup Summary
 28. Fast 1100mV 0C Model Hold Summary
 29. Fast 1100mV 0C Model Recovery Summary
 30. Fast 1100mV 0C Model Removal Summary
 31. Fast 1100mV 0C Model Minimum Pulse Width Summary
 32. Fast 1100mV 0C Model Metastability Summary
 33. Multicorner Timing Analysis Summary
 34. Board Trace Model Assignments
 35. Input Transition Times
 36. Signal Integrity Metrics (Slow 1100mv 0c Model)
 37. Signal Integrity Metrics (Slow 1100mv 85c Model)
 38. Signal Integrity Metrics (Fast 1100mv 0c Model)
 39. Signal Integrity Metrics (Fast 1100mv 85c Model)
 40. Setup Transfers
 41. Hold Transfers
 42. Recovery Transfers
 43. Removal Transfers
 44. Report TCCS
 45. Report RSKM
 46. Unconstrained Paths Summary
 47. Clock Status Summary
 48. Unconstrained Input Ports
 49. Unconstrained Output Ports
 50. Unconstrained Input Ports
 51. Unconstrained Output Ports
 52. Timing Analyzer Messages



----------------
; Legal Notice ;
----------------
Copyright (C) 2025  Altera Corporation. All rights reserved.
Your use of Altera Corporation's design tools, logic functions 
and other software and tools, and any partner logic 
functions, and any output files from any of the foregoing 
(including device programming or simulation files), and any 
associated documentation or information are expressly subject 
to the terms and conditions of the Altera Program License 
Subscription Agreement, the Altera Quartus Prime License Agreement,
the Altera IP License Agreement, or other applicable license
agreement, including, without limitation, that your use is for
the sole purpose of programming logic devices manufactured by
Altera and sold by Altera or its authorized distributors.  Please
refer to the Altera Software License Subscription Agreements 
on the Quartus Prime software download page.



+---------------------------------------------------------------------------------+
; Timing Analyzer Summary                                                         ;
+-----------------------+---------------------------------------------------------+
; Quartus Prime Version ; Version 24.1std.0 Build 1077 03/04/2025 SC Lite Edition ;
; Timing Analyzer       ; Legacy Timing Analyzer                                  ;
; Revision Name         ; AES1                                                    ;
; Device Family         ; Cyclone V                                               ;
; Device Name           ; 5CSEMA5F31C6                                            ;
; Timing Models         ; Final                                                   ;
; Delay Model           ; Combined                                                ;
; Rise/Fall Delays      ; Enabled                                                 ;
+-----------------------+---------------------------------------------------------+


+------------------------------------------+
; Parallel Compilation                     ;
+----------------------------+-------------+
; Processors                 ; Number      ;
+----------------------------+-------------+
; Number detected on machine ; 4           ;
; Maximum allowed            ; 2           ;
;                            ;             ;
; Average used               ; 1.82        ;
; Maximum used               ; 2           ;
;                            ;             ;
; Usage by Processor         ; % Time Used ;
;     Processor 1            ; 100.0%      ;
;     Processor 2            ;  82.2%      ;
+----------------------------+-------------+


+---------------------------------------------------+
; SDC File List                                     ;
+---------------+--------+--------------------------+
; SDC File Path ; Status ; Read at                  ;
+---------------+--------+--------------------------+
; timing.sdc    ; OK     ; Sat Nov  1 17:21:38 2025 ;
+---------------+--------+--------------------------+


+---------------------------------------------------------------------------------------------------------------------------------------------------------------------------------+
; Clocks                                                                                                                                                                          ;
+------------+------+--------+------------+-------+-------+------------+-----------+-------------+-------+--------+-----------+------------+----------+--------+--------+---------+
; Clock Name ; Type ; Period ; Frequency  ; Rise  ; Fall  ; Duty Cycle ; Divide by ; Multiply by ; Phase ; Offset ; Edge List ; Edge Shift ; Inverted ; Master ; Source ; Targets ;
+------------+------+--------+------------+-------+-------+------------+-----------+-------------+-------+--------+-----------+------------+----------+--------+--------+---------+
; clk        ; Base ; 1.000  ; 1000.0 MHz ; 0.000 ; 0.500 ;            ;           ;             ;       ;        ;           ;            ;          ;        ;        ; { clk } ;
+------------+------+--------+------------+-------+-------+------------+-----------+-------------+-------+--------+-----------+------------+----------+--------+--------+---------+


+--------------------------------------------------+
; Slow 1100mV 85C Model Fmax Summary               ;
+------------+-----------------+------------+------+
; Fmax       ; Restricted Fmax ; Clock Name ; Note ;
+------------+-----------------+------------+------+
; 107.04 MHz ; 107.04 MHz      ; clk        ;      ;
+------------+-----------------+------------+------+
This panel reports FMAX for every clock in the design, regardless of the user-specified clock periods.  FMAX is only computed for paths where the source and destination registers or ports are driven by the same clock.  Paths of different clocks, including generated clocks, are ignored.  For paths between a clock and its inversion, FMAX is computed as if the rising and falling edges are scaled along with FMAX, such that the duty cycle (in terms of a percentage) is maintained. Altera recommends that you always use clock constraints and other slack reports for sign-off analysis.


----------------------------------
; Timing Closure Recommendations ;
----------------------------------
HTML report is unavailable in plain text report export.


+-------------------------------------+
; Slow 1100mV 85C Model Setup Summary ;
+-------+--------+--------------------+
; Clock ; Slack  ; End Point TNS      ;
+-------+--------+--------------------+
; clk   ; -8.342 ; -189151.459        ;
+-------+--------+--------------------+


+------------------------------------+
; Slow 1100mV 85C Model Hold Summary ;
+-------+-------+--------------------+
; Clock ; Slack ; End Point TNS      ;
+-------+-------+--------------------+
; clk   ; 0.303 ; 0.000              ;
+-------+-------+--------------------+


+----------------------------------------+
; Slow 1100mV 85C Model Recovery Summary ;
+-------+--------+-----------------------+
; Clock ; Slack  ; End Point TNS         ;
+-------+--------+-----------------------+
; clk   ; -0.944 ; -28.039               ;
+-------+--------+-----------------------+


+---------------------------------------+
; Slow 1100mV 85C Model Removal Summary ;
+-------+-------+-----------------------+
; Clock ; Slack ; End Point TNS         ;
+-------+-------+-----------------------+
; clk   ; 0.319 ; 0.000                 ;
+-------+-------+-----------------------+


+---------------------------------------------------+
; Slow 1100mV 85C Model Minimum Pulse Width Summary ;
+-------+--------+----------------------------------+
; Clock ; Slack  ; End Point TNS                    ;
+-------+--------+----------------------------------+
; clk   ; -2.174 ; -23802.743                       ;
+-------+--------+----------------------------------+


-----------------------------------------------
; Slow 1100mV 85C Model Metastability Summary ;
-----------------------------------------------
Design MTBF is not calculated because the design doesn't meet its timing requirements.



+--------------------------------------------------+
; Slow 1100mV 0C Model Fmax Summary                ;
+------------+-----------------+------------+------+
; Fmax       ; Restricted Fmax ; Clock Name ; Note ;
+------------+-----------------+------------+------+
; 110.63 MHz ; 110.63 MHz      ; clk        ;      ;
+------------+-----------------+------------+------+
This panel reports FMAX for every clock in the design, regardless of the user-specified clock periods.  FMAX is only computed for paths where the source and destination registers or ports are driven by the same clock.  Paths of different clocks, including generated clocks, are ignored.  For paths between a clock and its inversion, FMAX is computed as if the rising and falling edges are scaled along with FMAX, such that the duty cycle (in terms of a percentage) is maintained. Altera recommends that you always use clock constraints and other slack reports for sign-off analysis.


+------------------------------------+
; Slow 1100mV 0C Model Setup Summary ;
+-------+--------+-------------------+
; Clock ; Slack  ; End Point TNS     ;
+-------+--------+-------------------+
; clk   ; -8.039 ; -184633.064       ;
+-------+--------+-------------------+


+-----------------------------------+
; Slow 1100mV 0C Model Hold Summary ;
+-------+-------+-------------------+
; Clock ; Slack ; End Point TNS     ;
+-------+-------+-------------------+
; clk   ; 0.248 ; 0.000             ;
+-------+-------+-------------------+


+---------------------------------------+
; Slow 1100mV 0C Model Recovery Summary ;
+-------+--------+----------------------+
; Clock ; Slack  ; End Point TNS        ;
+-------+--------+----------------------+
; clk   ; -0.852 ; -23.628              ;
+-------+--------+----------------------+


+--------------------------------------+
; Slow 1100mV 0C Model Removal Summary ;
+-------+-------+----------------------+
; Clock ; Slack ; End Point TNS        ;
+-------+-------+----------------------+
; clk   ; 0.245 ; 0.000                ;
+-------+-------+----------------------+


+--------------------------------------------------+
; Slow 1100mV 0C Model Minimum Pulse Width Summary ;
+-------+--------+---------------------------------+
; Clock ; Slack  ; End Point TNS                   ;
+-------+--------+---------------------------------+
; clk   ; -2.174 ; -21704.775                      ;
+-------+--------+---------------------------------+


----------------------------------------------
; Slow 1100mV 0C Model Metastability Summary ;
----------------------------------------------
Design MTBF is not calculated because the design doesn't meet its timing requirements.



+-------------------------------------+
; Fast 1100mV 85C Model Setup Summary ;
+-------+--------+--------------------+
; Clock ; Slack  ; End Point TNS      ;
+-------+--------+--------------------+
; clk   ; -5.674 ; -104499.446        ;
+-------+--------+--------------------+


+------------------------------------+
; Fast 1100mV 85C Model Hold Summary ;
+-------+-------+--------------------+
; Clock ; Slack ; End Point TNS      ;
+-------+-------+--------------------+
; clk   ; 0.151 ; 0.000              ;
+-------+-------+--------------------+


+----------------------------------------+
; Fast 1100mV 85C Model Recovery Summary ;
+-------+--------+-----------------------+
; Clock ; Slack  ; End Point TNS         ;
+-------+--------+-----------------------+
; clk   ; -0.242 ; -2.326                ;
+-------+--------+-----------------------+


+---------------------------------------+
; Fast 1100mV 85C Model Removal Summary ;
+-------+-------+-----------------------+
; Clock ; Slack ; End Point TNS         ;
+-------+-------+-----------------------+
; clk   ; 0.211 ; 0.000                 ;
+-------+-------+-----------------------+


+---------------------------------------------------+
; Fast 1100mV 85C Model Minimum Pulse Width Summary ;
+-------+--------+----------------------------------+
; Clock ; Slack  ; End Point TNS                    ;
+-------+--------+----------------------------------+
; clk   ; -2.174 ; -15913.474                       ;
+-------+--------+----------------------------------+


-----------------------------------------------
; Fast 1100mV 85C Model Metastability Summary ;
-----------------------------------------------
Design MTBF is not calculated because the design doesn't meet its timing requirements.



+------------------------------------+
; Fast 1100mV 0C Model Setup Summary ;
+-------+--------+-------------------+
; Clock ; Slack  ; End Point TNS     ;
+-------+--------+-------------------+
; clk   ; -4.828 ; -89700.268        ;
+-------+--------+-------------------+


+-----------------------------------+
; Fast 1100mV 0C Model Hold Summary ;
+-------+-------+-------------------+
; Clock ; Slack ; End Point TNS     ;
+-------+-------+-------------------+
; clk   ; 0.096 ; 0.000             ;
+-------+-------+-------------------+


+---------------------------------------+
; Fast 1100mV 0C Model Recovery Summary ;
+-------+--------+----------------------+
; Clock ; Slack  ; End Point TNS        ;
+-------+--------+----------------------+
; clk   ; -0.124 ; -0.422               ;
+-------+--------+----------------------+


+--------------------------------------+
; Fast 1100mV 0C Model Removal Summary ;
+-------+-------+----------------------+
; Clock ; Slack ; End Point TNS        ;
+-------+-------+----------------------+
; clk   ; 0.143 ; 0.000                ;
+-------+-------+----------------------+


+--------------------------------------------------+
; Fast 1100mV 0C Model Minimum Pulse Width Summary ;
+-------+--------+---------------------------------+
; Clock ; Slack  ; End Point TNS                   ;
+-------+--------+---------------------------------+
; clk   ; -2.174 ; -18981.606                      ;
+-------+--------+---------------------------------+


----------------------------------------------
; Fast 1100mV 0C Model Metastability Summary ;
----------------------------------------------
Design MTBF is not calculated because the design doesn't meet its timing requirements.



+-----------------------------------------------------------------------------------+
; Multicorner Timing Analysis Summary                                               ;
+------------------+-------------+-------+----------+---------+---------------------+
; Clock            ; Setup       ; Hold  ; Recovery ; Removal ; Minimum Pulse Width ;
+------------------+-------------+-------+----------+---------+---------------------+
; Worst-case Slack ; -8.342      ; 0.096 ; -0.944   ; 0.143   ; -2.174              ;
;  clk             ; -8.342      ; 0.096 ; -0.944   ; 0.143   ; -2.174              ;
; Design-wide TNS  ; -189151.459 ; 0.0   ; -28.039  ; 0.0     ; -23802.743          ;
;  clk             ; -189151.459 ; 0.000 ; -28.039  ; 0.000   ; -23802.743          ;
+------------------+-------------+-------+----------+---------+---------------------+


+--------------------------------------------------------------------------------------------------------------------------------------------------------------------------------------------------------------------------------------------------------------------------------------------------------------------------------------------------------------------------------------------------------+
; Board Trace Model Assignments                                                                                                                                                                                                                                                                                                                                                                          ;
+-----+--------------+-------------------+-------------------------+-------------------------+---------------+---------------------+----------------+------------------+--------+------------------+------------------------+------------------------+--------------+---------------+-----------------+-------+---------------------+--------------------+---------------+-----------------+-------------+
; Pin ; I/O Standard ; Near Tline Length ; Near Tline L per Length ; Near Tline C per Length ; Near Series R ; Near Differential R ; Near Pull-up R ; Near Pull-down R ; Near C ; Far Tline Length ; Far Tline L per Length ; Far Tline C per Length ; Far Series R ; Far Pull-up R ; Far Pull-down R ; Far C ; Termination Voltage ; Far Differential R ; EBD File Name ; EBD Signal Name ; EBD Far-end ;
+-----+--------------+-------------------+-------------------------+-------------------------+---------------+---------------------+----------------+------------------+--------+------------------+------------------------+------------------------+--------------+---------------+-----------------+-------+---------------------+--------------------+---------------+-----------------+-------------+
; tx  ; 3.3-V LVTTL  ; 0 in              ; 0 H/in                  ; 0 F/in                  ; short         ; -                   ; open           ; open             ; open   ; 0 in             ; 0 H/in                 ; 0 F/in                 ; short        ; open          ; open            ; open  ; 0 V                 ; -                  ; n/a           ; n/a             ; n/a         ;
+-----+--------------+-------------------+-------------------------+-------------------------+---------------+---------------------+----------------+------------------+--------+------------------+------------------------+------------------------+--------------+---------------+-----------------+-------+---------------------+--------------------+---------------+-----------------+-------------+


+----------------------------------------------------------+
; Input Transition Times                                   ;
+-------+--------------+-----------------+-----------------+
; Pin   ; I/O Standard ; 10-90 Rise Time ; 90-10 Fall Time ;
+-------+--------------+-----------------+-----------------+
; key1  ; 3.3-V LVTTL  ; 2640 ps         ; 2640 ps         ;
; clk   ; 3.3-V LVTTL  ; 2640 ps         ; 2640 ps         ;
; reset ; 3.3-V LVTTL  ; 2640 ps         ; 2640 ps         ;
; rx    ; 3.3-V LVTTL  ; 2640 ps         ; 2640 ps         ;
+-------+--------------+-----------------+-----------------+


+----------------------------------------------------------------------------------------------------------------------------------------------------------------------------------------------------------------------------------------------------------------------------------------------------------------------------------------------------------------------------------------------------------------------------------------------------------------------------------------------------------------------------------------------------------------------------------------------------------------------------------------------------------------------------------+
; Signal Integrity Metrics (Slow 1100mv 0c Model)                                                                                                                                                                                                                                                                                                                                                                                                                                                                                                                                                                                                                                  ;
+-----+--------------+---------------------+---------------------+------------------------------+------------------------------+---------------------+---------------------+--------------------------------------+--------------------------------------+-----------------------------+-----------------------------+----------------------------+----------------------------+-----------------------------+-----------------------------+--------------------+--------------------+-------------------------------------+-------------------------------------+----------------------------+----------------------------+---------------------------+---------------------------+
; Pin ; I/O Standard ; Board Delay on Rise ; Board Delay on Fall ; Steady State Voh at FPGA Pin ; Steady State Vol at FPGA Pin ; Voh Max at FPGA Pin ; Vol Min at FPGA Pin ; Ringback Voltage on Rise at FPGA Pin ; Ringback Voltage on Fall at FPGA Pin ; 10-90 Rise Time at FPGA Pin ; 90-10 Fall Time at FPGA Pin ; Monotonic Rise at FPGA Pin ; Monotonic Fall at FPGA Pin ; Steady State Voh at Far-end ; Steady State Vol at Far-end ; Voh Max at Far-end ; Vol Min at Far-end ; Ringback Voltage on Rise at Far-end ; Ringback Voltage on Fall at Far-end ; 10-90 Rise Time at Far-end ; 90-10 Fall Time at Far-end ; Monotonic Rise at Far-end ; Monotonic Fall at Far-end ;
+-----+--------------+---------------------+---------------------+------------------------------+------------------------------+---------------------+---------------------+--------------------------------------+--------------------------------------+-----------------------------+-----------------------------+----------------------------+----------------------------+-----------------------------+-----------------------------+--------------------+--------------------+-------------------------------------+-------------------------------------+----------------------------+----------------------------+---------------------------+---------------------------+
; tx  ; 3.3-V LVTTL  ; 0 s                 ; 0 s                 ; 3.08 V                       ; 3.35e-07 V                   ; 3.14 V              ; -0.258 V            ; 0.13 V                               ; 0.399 V                              ; 4.27e-10 s                  ; 1.5e-10 s                   ; Yes                        ; No                         ; 3.08 V                      ; 3.35e-07 V                  ; 3.14 V             ; -0.258 V           ; 0.13 V                              ; 0.399 V                             ; 4.27e-10 s                 ; 1.5e-10 s                  ; Yes                       ; No                        ;
+-----+--------------+---------------------+---------------------+------------------------------+------------------------------+---------------------+---------------------+--------------------------------------+--------------------------------------+-----------------------------+-----------------------------+----------------------------+----------------------------+-----------------------------+-----------------------------+--------------------+--------------------+-------------------------------------+-------------------------------------+----------------------------+----------------------------+---------------------------+---------------------------+


+----------------------------------------------------------------------------------------------------------------------------------------------------------------------------------------------------------------------------------------------------------------------------------------------------------------------------------------------------------------------------------------------------------------------------------------------------------------------------------------------------------------------------------------------------------------------------------------------------------------------------------------------------------------------------------+
; Signal Integrity Metrics (Slow 1100mv 85c Model)                                                                                                                                                                                                                                                                                                                                                                                                                                                                                                                                                                                                                                 ;
+-----+--------------+---------------------+---------------------+------------------------------+------------------------------+---------------------+---------------------+--------------------------------------+--------------------------------------+-----------------------------+-----------------------------+----------------------------+----------------------------+-----------------------------+-----------------------------+--------------------+--------------------+-------------------------------------+-------------------------------------+----------------------------+----------------------------+---------------------------+---------------------------+
; Pin ; I/O Standard ; Board Delay on Rise ; Board Delay on Fall ; Steady State Voh at FPGA Pin ; Steady State Vol at FPGA Pin ; Voh Max at FPGA Pin ; Vol Min at FPGA Pin ; Ringback Voltage on Rise at FPGA Pin ; Ringback Voltage on Fall at FPGA Pin ; 10-90 Rise Time at FPGA Pin ; 90-10 Fall Time at FPGA Pin ; Monotonic Rise at FPGA Pin ; Monotonic Fall at FPGA Pin ; Steady State Voh at Far-end ; Steady State Vol at Far-end ; Voh Max at Far-end ; Vol Min at Far-end ; Ringback Voltage on Rise at Far-end ; Ringback Voltage on Fall at Far-end ; 10-90 Rise Time at Far-end ; 90-10 Fall Time at Far-end ; Monotonic Rise at Far-end ; Monotonic Fall at Far-end ;
+-----+--------------+---------------------+---------------------+------------------------------+------------------------------+---------------------+---------------------+--------------------------------------+--------------------------------------+-----------------------------+-----------------------------+----------------------------+----------------------------+-----------------------------+-----------------------------+--------------------+--------------------+-------------------------------------+-------------------------------------+----------------------------+----------------------------+---------------------------+---------------------------+
; tx  ; 3.3-V LVTTL  ; 0 s                 ; 0 s                 ; 3.08 V                       ; 3.19e-05 V                   ; 3.1 V               ; -0.133 V            ; 0.025 V                              ; 0.169 V                              ; 4.92e-10 s                  ; 3.13e-10 s                  ; Yes                        ; No                         ; 3.08 V                      ; 3.19e-05 V                  ; 3.1 V              ; -0.133 V           ; 0.025 V                             ; 0.169 V                             ; 4.92e-10 s                 ; 3.13e-10 s                 ; Yes                       ; No                        ;
+-----+--------------+---------------------+---------------------+------------------------------+------------------------------+---------------------+---------------------+--------------------------------------+--------------------------------------+-----------------------------+-----------------------------+----------------------------+----------------------------+-----------------------------+-----------------------------+--------------------+--------------------+-------------------------------------+-------------------------------------+----------------------------+----------------------------+---------------------------+---------------------------+


+----------------------------------------------------------------------------------------------------------------------------------------------------------------------------------------------------------------------------------------------------------------------------------------------------------------------------------------------------------------------------------------------------------------------------------------------------------------------------------------------------------------------------------------------------------------------------------------------------------------------------------------------------------------------------------+
; Signal Integrity Metrics (Fast 1100mv 0c Model)                                                                                                                                                                                                                                                                                                                                                                                                                                                                                                                                                                                                                                  ;
+-----+--------------+---------------------+---------------------+------------------------------+------------------------------+---------------------+---------------------+--------------------------------------+--------------------------------------+-----------------------------+-----------------------------+----------------------------+----------------------------+-----------------------------+-----------------------------+--------------------+--------------------+-------------------------------------+-------------------------------------+----------------------------+----------------------------+---------------------------+---------------------------+
; Pin ; I/O Standard ; Board Delay on Rise ; Board Delay on Fall ; Steady State Voh at FPGA Pin ; Steady State Vol at FPGA Pin ; Voh Max at FPGA Pin ; Vol Min at FPGA Pin ; Ringback Voltage on Rise at FPGA Pin ; Ringback Voltage on Fall at FPGA Pin ; 10-90 Rise Time at FPGA Pin ; 90-10 Fall Time at FPGA Pin ; Monotonic Rise at FPGA Pin ; Monotonic Fall at FPGA Pin ; Steady State Voh at Far-end ; Steady State Vol at Far-end ; Voh Max at Far-end ; Vol Min at Far-end ; Ringback Voltage on Rise at Far-end ; Ringback Voltage on Fall at Far-end ; 10-90 Rise Time at Far-end ; 90-10 Fall Time at Far-end ; Monotonic Rise at Far-end ; Monotonic Fall at Far-end ;
+-----+--------------+---------------------+---------------------+------------------------------+------------------------------+---------------------+---------------------+--------------------------------------+--------------------------------------+-----------------------------+-----------------------------+----------------------------+----------------------------+-----------------------------+-----------------------------+--------------------+--------------------+-------------------------------------+-------------------------------------+----------------------------+----------------------------+---------------------------+---------------------------+
; tx  ; 3.3-V LVTTL  ; 0 s                 ; 0 s                 ; 3.63 V                       ; 4.72e-06 V                   ; 3.7 V               ; -0.49 V             ; 0.117 V                              ; 0.622 V                              ; 3.84e-10 s                  ; 1.48e-10 s                  ; Yes                        ; No                         ; 3.63 V                      ; 4.72e-06 V                  ; 3.7 V              ; -0.49 V            ; 0.117 V                             ; 0.622 V                             ; 3.84e-10 s                 ; 1.48e-10 s                 ; Yes                       ; No                        ;
+-----+--------------+---------------------+---------------------+------------------------------+------------------------------+---------------------+---------------------+--------------------------------------+--------------------------------------+-----------------------------+-----------------------------+----------------------------+----------------------------+-----------------------------+-----------------------------+--------------------+--------------------+-------------------------------------+-------------------------------------+----------------------------+----------------------------+---------------------------+---------------------------+


+----------------------------------------------------------------------------------------------------------------------------------------------------------------------------------------------------------------------------------------------------------------------------------------------------------------------------------------------------------------------------------------------------------------------------------------------------------------------------------------------------------------------------------------------------------------------------------------------------------------------------------------------------------------------------------+
; Signal Integrity Metrics (Fast 1100mv 85c Model)                                                                                                                                                                                                                                                                                                                                                                                                                                                                                                                                                                                                                                 ;
+-----+--------------+---------------------+---------------------+------------------------------+------------------------------+---------------------+---------------------+--------------------------------------+--------------------------------------+-----------------------------+-----------------------------+----------------------------+----------------------------+-----------------------------+-----------------------------+--------------------+--------------------+-------------------------------------+-------------------------------------+----------------------------+----------------------------+---------------------------+---------------------------+
; Pin ; I/O Standard ; Board Delay on Rise ; Board Delay on Fall ; Steady State Voh at FPGA Pin ; Steady State Vol at FPGA Pin ; Voh Max at FPGA Pin ; Vol Min at FPGA Pin ; Ringback Voltage on Rise at FPGA Pin ; Ringback Voltage on Fall at FPGA Pin ; 10-90 Rise Time at FPGA Pin ; 90-10 Fall Time at FPGA Pin ; Monotonic Rise at FPGA Pin ; Monotonic Fall at FPGA Pin ; Steady State Voh at Far-end ; Steady State Vol at Far-end ; Voh Max at Far-end ; Vol Min at Far-end ; Ringback Voltage on Rise at Far-end ; Ringback Voltage on Fall at Far-end ; 10-90 Rise Time at Far-end ; 90-10 Fall Time at Far-end ; Monotonic Rise at Far-end ; Monotonic Fall at Far-end ;
+-----+--------------+---------------------+---------------------+------------------------------+------------------------------+---------------------+---------------------+--------------------------------------+--------------------------------------+-----------------------------+-----------------------------+----------------------------+----------------------------+-----------------------------+-----------------------------+--------------------+--------------------+-------------------------------------+-------------------------------------+----------------------------+----------------------------+---------------------------+---------------------------+
; tx  ; 3.3-V LVTTL  ; 0 s                 ; 0 s                 ; 3.63 V                       ; 0.000229 V                   ; 3.65 V              ; -0.316 V            ; 0.041 V                              ; 0.53 V                               ; 4.29e-10 s                  ; 1.87e-10 s                  ; Yes                        ; No                         ; 3.63 V                      ; 0.000229 V                  ; 3.65 V             ; -0.316 V           ; 0.041 V                             ; 0.53 V                              ; 4.29e-10 s                 ; 1.87e-10 s                 ; Yes                       ; No                        ;
+-----+--------------+---------------------+---------------------+------------------------------+------------------------------+---------------------+---------------------+--------------------------------------+--------------------------------------+-----------------------------+-----------------------------+----------------------------+----------------------------+-----------------------------+-----------------------------+--------------------+--------------------+-------------------------------------+-------------------------------------+----------------------------+----------------------------+---------------------------+---------------------------+


+-------------------------------------------------------------------+
; Setup Transfers                                                   ;
+------------+----------+----------+----------+----------+----------+
; From Clock ; To Clock ; RR Paths ; FR Paths ; RF Paths ; FF Paths ;
+------------+----------+----------+----------+----------+----------+
; clk        ; clk      ; 2192372  ; 0        ; 0        ; 0        ;
+------------+----------+----------+----------+----------+----------+
Entries labeled "false path" only account for clock-to-clock false paths and not path-based false paths. As a result, actual path counts may be lower than reported.


+-------------------------------------------------------------------+
; Hold Transfers                                                    ;
+------------+----------+----------+----------+----------+----------+
; From Clock ; To Clock ; RR Paths ; FR Paths ; RF Paths ; FF Paths ;
+------------+----------+----------+----------+----------+----------+
; clk        ; clk      ; 2192372  ; 0        ; 0        ; 0        ;
+------------+----------+----------+----------+----------+----------+
Entries labeled "false path" only account for clock-to-clock false paths and not path-based false paths. As a result, actual path counts may be lower than reported.


+-------------------------------------------------------------------+
; Recovery Transfers                                                ;
+------------+----------+----------+----------+----------+----------+
; From Clock ; To Clock ; RR Paths ; FR Paths ; RF Paths ; FF Paths ;
+------------+----------+----------+----------+----------+----------+
; clk        ; clk      ; 69       ; 0        ; 0        ; 0        ;
+------------+----------+----------+----------+----------+----------+
Entries labeled "false path" only account for clock-to-clock false paths and not path-based false paths. As a result, actual path counts may be lower than reported.


+-------------------------------------------------------------------+
; Removal Transfers                                                 ;
+------------+----------+----------+----------+----------+----------+
; From Clock ; To Clock ; RR Paths ; FR Paths ; RF Paths ; FF Paths ;
+------------+----------+----------+----------+----------+----------+
; clk        ; clk      ; 69       ; 0        ; 0        ; 0        ;
+------------+----------+----------+----------+----------+----------+
Entries labeled "false path" only account for clock-to-clock false paths and not path-based false paths. As a result, actual path counts may be lower than reported.


---------------
; Report TCCS ;
---------------
No dedicated SERDES Transmitter circuitry present in device or used in design


---------------
; Report RSKM ;
---------------
No non-DPA dedicated SERDES Receiver circuitry present in device or used in design


+-------------------------------------------------+
; Unconstrained Paths Summary                     ;
+---------------------------------+-------+-------+
; Property                        ; Setup ; Hold  ;
+---------------------------------+-------+-------+
; Illegal Clocks                  ; 0     ; 0     ;
; Unconstrained Clocks            ; 0     ; 0     ;
; Unconstrained Input Ports       ; 2     ; 2     ;
; Unconstrained Input Port Paths  ; 34909 ; 34909 ;
; Unconstrained Output Ports      ; 1     ; 1     ;
; Unconstrained Output Port Paths ; 1     ; 1     ;
+---------------------------------+-------+-------+


+-------------------------------------+
; Clock Status Summary                ;
+--------+-------+------+-------------+
; Target ; Clock ; Type ; Status      ;
+--------+-------+------+-------------+
; clk    ; clk   ; Base ; Constrained ;
+--------+-------+------+-------------+


+---------------------------------------------------------------------------------------------------+
; Unconstrained Input Ports                                                                         ;
+------------+--------------------------------------------------------------------------------------+
; Input Port ; Comment                                                                              ;
+------------+--------------------------------------------------------------------------------------+
; reset      ; No input delay, min/max delays, false-path exceptions, or max skew assignments found ;
; rx         ; No input delay, min/max delays, false-path exceptions, or max skew assignments found ;
+------------+--------------------------------------------------------------------------------------+


+-----------------------------------------------------------------------------------------------------+
; Unconstrained Output Ports                                                                          ;
+-------------+---------------------------------------------------------------------------------------+
; Output Port ; Comment                                                                               ;
+-------------+---------------------------------------------------------------------------------------+
; tx          ; No output delay, min/max delays, false-path exceptions, or max skew assignments found ;
+-------------+---------------------------------------------------------------------------------------+


+---------------------------------------------------------------------------------------------------+
; Unconstrained Input Ports                                                                         ;
+------------+--------------------------------------------------------------------------------------+
; Input Port ; Comment                                                                              ;
+------------+--------------------------------------------------------------------------------------+
; reset      ; No input delay, min/max delays, false-path exceptions, or max skew assignments found ;
; rx         ; No input delay, min/max delays, false-path exceptions, or max skew assignments found ;
+------------+--------------------------------------------------------------------------------------+


+-----------------------------------------------------------------------------------------------------+
; Unconstrained Output Ports                                                                          ;
+-------------+---------------------------------------------------------------------------------------+
; Output Port ; Comment                                                                               ;
+-------------+---------------------------------------------------------------------------------------+
; tx          ; No output delay, min/max delays, false-path exceptions, or max skew assignments found ;
+-------------+---------------------------------------------------------------------------------------+


+--------------------------+
; Timing Analyzer Messages ;
+--------------------------+
Info: *******************************************************************
Info: Running Quartus Prime Timing Analyzer
    Info: Version 24.1std.0 Build 1077 03/04/2025 SC Lite Edition
    Info: Processing started: Sat Nov  1 17:21:26 2025
Info: Command: quartus_sta AES1 -c AES1
Info: qsta_default_script.tcl version: #1
Warning (18236): Number of processors has not been specified which may cause overloading on shared machines.  Set the global assignment NUM_PARALLEL_PROCESSORS in your QSF to an appropriate value for best performance.
Info (20030): Parallel compilation is enabled and will use 2 of the 2 processors detected
Info (21077): Low junction temperature is 0 degrees C
Info (21077): High junction temperature is 85 degrees C
Info (332104): Reading SDC File: 'timing.sdc'
Warning (332174): Ignored filter at timing.sdc(9): CLOCK_50 could not be matched with a port File: C:/Users/lamco/Downloads/TC/TC/timing.sdc Line: 9
Warning (332049): Ignored create_clock at timing.sdc(9): Argument <targets> is an empty collection File: C:/Users/lamco/Downloads/TC/TC/timing.sdc Line: 9
    Info (332050): create_clock -period 20 [get_ports CLOCK_50] File: C:/Users/lamco/Downloads/TC/TC/timing.sdc Line: 9
Warning (332174): Ignored filter at timing.sdc(10): CLOCK2_50 could not be matched with a port File: C:/Users/lamco/Downloads/TC/TC/timing.sdc Line: 10
Warning (332049): Ignored create_clock at timing.sdc(10): Argument <targets> is an empty collection File: C:/Users/lamco/Downloads/TC/TC/timing.sdc Line: 10
    Info (332050): create_clock -period 20 [get_ports CLOCK2_50] File: C:/Users/lamco/Downloads/TC/TC/timing.sdc Line: 10
Warning (332174): Ignored filter at timing.sdc(11): CLOCK3_50 could not be matched with a port File: C:/Users/lamco/Downloads/TC/TC/timing.sdc Line: 11
Warning (332049): Ignored create_clock at timing.sdc(11): Argument <targets> is an empty collection File: C:/Users/lamco/Downloads/TC/TC/timing.sdc Line: 11
    Info (332050): create_clock -period 20 [get_ports CLOCK3_50] File: C:/Users/lamco/Downloads/TC/TC/timing.sdc Line: 11
Warning (332174): Ignored filter at timing.sdc(12): CLOCK4_50 could not be matched with a port File: C:/Users/lamco/Downloads/TC/TC/timing.sdc Line: 12
Warning (332049): Ignored create_clock at timing.sdc(12): Argument <targets> is an empty collection File: C:/Users/lamco/Downloads/TC/TC/timing.sdc Line: 12
    Info (332050): create_clock -period 20 [get_ports CLOCK4_50] File: C:/Users/lamco/Downloads/TC/TC/timing.sdc Line: 12
Warning (332174): Ignored filter at timing.sdc(14): TD_CLK27 could not be matched with a port File: C:/Users/lamco/Downloads/TC/TC/timing.sdc Line: 14
Warning (332049): Ignored create_clock at timing.sdc(14): Argument <targets> is an empty collection File: C:/Users/lamco/Downloads/TC/TC/timing.sdc Line: 14
    Info (332050): create_clock -period "27 MHz"  -name tv_27m [get_ports TD_CLK27] File: C:/Users/lamco/Downloads/TC/TC/timing.sdc Line: 14
Warning (332174): Ignored filter at timing.sdc(15): DRAM_CLK could not be matched with a port File: C:/Users/lamco/Downloads/TC/TC/timing.sdc Line: 15
Warning (332049): Ignored create_clock at timing.sdc(15): Argument <targets> is an empty collection File: C:/Users/lamco/Downloads/TC/TC/timing.sdc Line: 15
    Info (332050): create_clock -period "100 MHz" -name clk_dram [get_ports DRAM_CLK] File: C:/Users/lamco/Downloads/TC/TC/timing.sdc Line: 15
Warning (332174): Ignored filter at timing.sdc(20): VGA_CLK could not be matched with a port File: C:/Users/lamco/Downloads/TC/TC/timing.sdc Line: 20
Warning (332049): Ignored create_clock at timing.sdc(20): Argument <targets> is an empty collection File: C:/Users/lamco/Downloads/TC/TC/timing.sdc Line: 20
    Info (332050): create_clock -period "25.18 MHz" -name clk_vga [get_ports VGA_CLK] File: C:/Users/lamco/Downloads/TC/TC/timing.sdc Line: 20
Info (332151): Clock uncertainty is not calculated until you update the timing netlist.
Warning (332174): Ignored filter at timing.sdc(53): DRAM_DQ* could not be matched with a port File: C:/Users/lamco/Downloads/TC/TC/timing.sdc Line: 53
Warning (332174): Ignored filter at timing.sdc(53): clk_dram could not be matched with a clock File: C:/Users/lamco/Downloads/TC/TC/timing.sdc Line: 53
Warning (332049): Ignored set_input_delay at timing.sdc(53): Argument <targets> is an empty collection File: C:/Users/lamco/Downloads/TC/TC/timing.sdc Line: 53
    Info (332050): set_input_delay -max -clock clk_dram -0.048 [get_ports DRAM_DQ*] File: C:/Users/lamco/Downloads/TC/TC/timing.sdc Line: 53
Warning (332049): Ignored set_input_delay at timing.sdc(53): Argument -clock is not an object ID File: C:/Users/lamco/Downloads/TC/TC/timing.sdc Line: 53
Warning (332049): Ignored set_input_delay at timing.sdc(54): Argument <targets> is an empty collection File: C:/Users/lamco/Downloads/TC/TC/timing.sdc Line: 54
    Info (332050): set_input_delay -min -clock clk_dram -0.057 [get_ports DRAM_DQ*] File: C:/Users/lamco/Downloads/TC/TC/timing.sdc Line: 54
Warning (332049): Ignored set_input_delay at timing.sdc(54): Argument -clock is not an object ID File: C:/Users/lamco/Downloads/TC/TC/timing.sdc Line: 54
Warning (332174): Ignored filter at timing.sdc(56): TD_DATA* could not be matched with a port File: C:/Users/lamco/Downloads/TC/TC/timing.sdc Line: 56
Warning (332174): Ignored filter at timing.sdc(56): tv_27m could not be matched with a clock File: C:/Users/lamco/Downloads/TC/TC/timing.sdc Line: 56
Warning (332049): Ignored set_input_delay at timing.sdc(56): Argument <targets> is an empty collection File: C:/Users/lamco/Downloads/TC/TC/timing.sdc Line: 56
    Info (332050): set_input_delay -max -clock tv_27m 3.692 [get_ports TD_DATA*] File: C:/Users/lamco/Downloads/TC/TC/timing.sdc Line: 56
Warning (332049): Ignored set_input_delay at timing.sdc(56): Argument -clock is not an object ID File: C:/Users/lamco/Downloads/TC/TC/timing.sdc Line: 56
Warning (332049): Ignored set_input_delay at timing.sdc(57): Argument <targets> is an empty collection File: C:/Users/lamco/Downloads/TC/TC/timing.sdc Line: 57
    Info (332050): set_input_delay -min -clock tv_27m 2.492 [get_ports TD_DATA*] File: C:/Users/lamco/Downloads/TC/TC/timing.sdc Line: 57
Warning (332049): Ignored set_input_delay at timing.sdc(57): Argument -clock is not an object ID File: C:/Users/lamco/Downloads/TC/TC/timing.sdc Line: 57
Warning (332174): Ignored filter at timing.sdc(58): TD_HS could not be matched with a port File: C:/Users/lamco/Downloads/TC/TC/timing.sdc Line: 58
Warning (332049): Ignored set_input_delay at timing.sdc(58): Argument <targets> is an empty collection File: C:/Users/lamco/Downloads/TC/TC/timing.sdc Line: 58
    Info (332050): set_input_delay -max -clock tv_27m 3.654 [get_ports TD_HS] File: C:/Users/lamco/Downloads/TC/TC/timing.sdc Line: 58
Warning (332049): Ignored set_input_delay at timing.sdc(58): Argument -clock is not an object ID File: C:/Users/lamco/Downloads/TC/TC/timing.sdc Line: 58
Warning (332049): Ignored set_input_delay at timing.sdc(59): Argument <targets> is an empty collection File: C:/Users/lamco/Downloads/TC/TC/timing.sdc Line: 59
    Info (332050): set_input_delay -min -clock tv_27m 2.454 [get_ports TD_HS] File: C:/Users/lamco/Downloads/TC/TC/timing.sdc Line: 59
Warning (332049): Ignored set_input_delay at timing.sdc(59): Argument -clock is not an object ID File: C:/Users/lamco/Downloads/TC/TC/timing.sdc Line: 59
Warning (332174): Ignored filter at timing.sdc(60): TD_VS could not be matched with a port File: C:/Users/lamco/Downloads/TC/TC/timing.sdc Line: 60
Warning (332049): Ignored set_input_delay at timing.sdc(60): Argument <targets> is an empty collection File: C:/Users/lamco/Downloads/TC/TC/timing.sdc Line: 60
    Info (332050): set_input_delay -max -clock tv_27m 3.656 [get_ports TD_VS] File: C:/Users/lamco/Downloads/TC/TC/timing.sdc Line: 60
Warning (332049): Ignored set_input_delay at timing.sdc(60): Argument -clock is not an object ID File: C:/Users/lamco/Downloads/TC/TC/timing.sdc Line: 60
Warning (332049): Ignored set_input_delay at timing.sdc(61): Argument <targets> is an empty collection File: C:/Users/lamco/Downloads/TC/TC/timing.sdc Line: 61
    Info (332050): set_input_delay -min -clock tv_27m 2.456 [get_ports TD_VS] File: C:/Users/lamco/Downloads/TC/TC/timing.sdc Line: 61
Warning (332049): Ignored set_input_delay at timing.sdc(61): Argument -clock is not an object ID File: C:/Users/lamco/Downloads/TC/TC/timing.sdc Line: 61
Warning (332049): Ignored set_output_delay at timing.sdc(68): Argument <targets> is an empty collection File: C:/Users/lamco/Downloads/TC/TC/timing.sdc Line: 68
    Info (332050): set_output_delay -max -clock clk_dram 1.452  [get_ports DRAM_DQ*] File: C:/Users/lamco/Downloads/TC/TC/timing.sdc Line: 68
Warning (332049): Ignored set_output_delay at timing.sdc(68): Argument -clock is not an object ID File: C:/Users/lamco/Downloads/TC/TC/timing.sdc Line: 68
Warning (332049): Ignored set_output_delay at timing.sdc(69): Argument <targets> is an empty collection File: C:/Users/lamco/Downloads/TC/TC/timing.sdc Line: 69
    Info (332050): set_output_delay -min -clock clk_dram -0.857 [get_ports DRAM_DQ*] File: C:/Users/lamco/Downloads/TC/TC/timing.sdc Line: 69
Warning (332049): Ignored set_output_delay at timing.sdc(69): Argument -clock is not an object ID File: C:/Users/lamco/Downloads/TC/TC/timing.sdc Line: 69
Warning (332174): Ignored filter at timing.sdc(70): DRAM_ADDR* could not be matched with a port File: C:/Users/lamco/Downloads/TC/TC/timing.sdc Line: 70
Warning (332049): Ignored set_output_delay at timing.sdc(70): Argument <targets> is an empty collection File: C:/Users/lamco/Downloads/TC/TC/timing.sdc Line: 70
    Info (332050): set_output_delay -max -clock clk_dram 1.531 [get_ports DRAM_ADDR*] File: C:/Users/lamco/Downloads/TC/TC/timing.sdc Line: 70
Warning (332049): Ignored set_output_delay at timing.sdc(70): Argument -clock is not an object ID File: C:/Users/lamco/Downloads/TC/TC/timing.sdc Line: 70
Warning (332049): Ignored set_output_delay at timing.sdc(71): Argument <targets> is an empty collection File: C:/Users/lamco/Downloads/TC/TC/timing.sdc Line: 71
    Info (332050): set_output_delay -min -clock clk_dram -0.805 [get_ports DRAM_ADDR*] File: C:/Users/lamco/Downloads/TC/TC/timing.sdc Line: 71
Warning (332049): Ignored set_output_delay at timing.sdc(71): Argument -clock is not an object ID File: C:/Users/lamco/Downloads/TC/TC/timing.sdc Line: 71
Warning (332174): Ignored filter at timing.sdc(72): DRAM_*DQM could not be matched with a port File: C:/Users/lamco/Downloads/TC/TC/timing.sdc Line: 72
Warning (332049): Ignored set_output_delay at timing.sdc(72): Argument <targets> is an empty collection File: C:/Users/lamco/Downloads/TC/TC/timing.sdc Line: 72
    Info (332050): set_output_delay -max -clock clk_dram 1.533  [get_ports DRAM_*DQM] File: C:/Users/lamco/Downloads/TC/TC/timing.sdc Line: 72
Warning (332049): Ignored set_output_delay at timing.sdc(72): Argument -clock is not an object ID File: C:/Users/lamco/Downloads/TC/TC/timing.sdc Line: 72
Warning (332049): Ignored set_output_delay at timing.sdc(73): Argument <targets> is an empty collection File: C:/Users/lamco/Downloads/TC/TC/timing.sdc Line: 73
    Info (332050): set_output_delay -min -clock clk_dram -0.805 [get_ports DRAM_*DQM] File: C:/Users/lamco/Downloads/TC/TC/timing.sdc Line: 73
Warning (332049): Ignored set_output_delay at timing.sdc(73): Argument -clock is not an object ID File: C:/Users/lamco/Downloads/TC/TC/timing.sdc Line: 73
Warning (332174): Ignored filter at timing.sdc(74): DRAM_BA* could not be matched with a port File: C:/Users/lamco/Downloads/TC/TC/timing.sdc Line: 74
Warning (332049): Ignored set_output_delay at timing.sdc(74): Argument <targets> is an empty collection File: C:/Users/lamco/Downloads/TC/TC/timing.sdc Line: 74
    Info (332050): set_output_delay -max -clock clk_dram 1.510  [get_ports DRAM_BA*] File: C:/Users/lamco/Downloads/TC/TC/timing.sdc Line: 74
Warning (332049): Ignored set_output_delay at timing.sdc(74): Argument -clock is not an object ID File: C:/Users/lamco/Downloads/TC/TC/timing.sdc Line: 74
Warning (332049): Ignored set_output_delay at timing.sdc(75): Argument <targets> is an empty collection File: C:/Users/lamco/Downloads/TC/TC/timing.sdc Line: 75
    Info (332050): set_output_delay -min -clock clk_dram -0.800 [get_ports DRAM_BA*] File: C:/Users/lamco/Downloads/TC/TC/timing.sdc Line: 75
Warning (332049): Ignored set_output_delay at timing.sdc(75): Argument -clock is not an object ID File: C:/Users/lamco/Downloads/TC/TC/timing.sdc Line: 75
Warning (332174): Ignored filter at timing.sdc(76): DRAM_RAS_N could not be matched with a port File: C:/Users/lamco/Downloads/TC/TC/timing.sdc Line: 76
Warning (332049): Ignored set_output_delay at timing.sdc(76): Argument <targets> is an empty collection File: C:/Users/lamco/Downloads/TC/TC/timing.sdc Line: 76
    Info (332050): set_output_delay -max -clock clk_dram 1.520  [get_ports DRAM_RAS_N] File: C:/Users/lamco/Downloads/TC/TC/timing.sdc Line: 76
Warning (332049): Ignored set_output_delay at timing.sdc(76): Argument -clock is not an object ID File: C:/Users/lamco/Downloads/TC/TC/timing.sdc Line: 76
Warning (332049): Ignored set_output_delay at timing.sdc(77): Argument <targets> is an empty collection File: C:/Users/lamco/Downloads/TC/TC/timing.sdc Line: 77
    Info (332050): set_output_delay -min -clock clk_dram -0.780 [get_ports DRAM_RAS_N] File: C:/Users/lamco/Downloads/TC/TC/timing.sdc Line: 77
Warning (332049): Ignored set_output_delay at timing.sdc(77): Argument -clock is not an object ID File: C:/Users/lamco/Downloads/TC/TC/timing.sdc Line: 77
Warning (332174): Ignored filter at timing.sdc(78): DRAM_CAS_N could not be matched with a port File: C:/Users/lamco/Downloads/TC/TC/timing.sdc Line: 78
Warning (332049): Ignored set_output_delay at timing.sdc(78): Argument <targets> is an empty collection File: C:/Users/lamco/Downloads/TC/TC/timing.sdc Line: 78
    Info (332050): set_output_delay -max -clock clk_dram 1.5000  [get_ports DRAM_CAS_N] File: C:/Users/lamco/Downloads/TC/TC/timing.sdc Line: 78
Warning (332049): Ignored set_output_delay at timing.sdc(78): Argument -clock is not an object ID File: C:/Users/lamco/Downloads/TC/TC/timing.sdc Line: 78
Warning (332049): Ignored set_output_delay at timing.sdc(79): Argument <targets> is an empty collection File: C:/Users/lamco/Downloads/TC/TC/timing.sdc Line: 79
    Info (332050): set_output_delay -min -clock clk_dram -0.800 [get_ports DRAM_CAS_N] File: C:/Users/lamco/Downloads/TC/TC/timing.sdc Line: 79
Warning (332049): Ignored set_output_delay at timing.sdc(79): Argument -clock is not an object ID File: C:/Users/lamco/Downloads/TC/TC/timing.sdc Line: 79
Warning (332174): Ignored filter at timing.sdc(80): DRAM_WE_N could not be matched with a port File: C:/Users/lamco/Downloads/TC/TC/timing.sdc Line: 80
Warning (332049): Ignored set_output_delay at timing.sdc(80): Argument <targets> is an empty collection File: C:/Users/lamco/Downloads/TC/TC/timing.sdc Line: 80
    Info (332050): set_output_delay -max -clock clk_dram 1.545 [get_ports DRAM_WE_N] File: C:/Users/lamco/Downloads/TC/TC/timing.sdc Line: 80
Warning (332049): Ignored set_output_delay at timing.sdc(80): Argument -clock is not an object ID File: C:/Users/lamco/Downloads/TC/TC/timing.sdc Line: 80
Warning (332049): Ignored set_output_delay at timing.sdc(81): Argument <targets> is an empty collection File: C:/Users/lamco/Downloads/TC/TC/timing.sdc Line: 81
    Info (332050): set_output_delay -min -clock clk_dram -0.755 [get_ports DRAM_WE_N] File: C:/Users/lamco/Downloads/TC/TC/timing.sdc Line: 81
Warning (332049): Ignored set_output_delay at timing.sdc(81): Argument -clock is not an object ID File: C:/Users/lamco/Downloads/TC/TC/timing.sdc Line: 81
Warning (332174): Ignored filter at timing.sdc(82): DRAM_CKE could not be matched with a port File: C:/Users/lamco/Downloads/TC/TC/timing.sdc Line: 82
Warning (332049): Ignored set_output_delay at timing.sdc(82): Argument <targets> is an empty collection File: C:/Users/lamco/Downloads/TC/TC/timing.sdc Line: 82
    Info (332050): set_output_delay -max -clock clk_dram 1.496  [get_ports DRAM_CKE] File: C:/Users/lamco/Downloads/TC/TC/timing.sdc Line: 82
Warning (332049): Ignored set_output_delay at timing.sdc(82): Argument -clock is not an object ID File: C:/Users/lamco/Downloads/TC/TC/timing.sdc Line: 82
Warning (332049): Ignored set_output_delay at timing.sdc(83): Argument <targets> is an empty collection File: C:/Users/lamco/Downloads/TC/TC/timing.sdc Line: 83
    Info (332050): set_output_delay -min -clock clk_dram -0.804 [get_ports DRAM_CKE] File: C:/Users/lamco/Downloads/TC/TC/timing.sdc Line: 83
Warning (332049): Ignored set_output_delay at timing.sdc(83): Argument -clock is not an object ID File: C:/Users/lamco/Downloads/TC/TC/timing.sdc Line: 83
Warning (332174): Ignored filter at timing.sdc(84): DRAM_CS_N could not be matched with a port File: C:/Users/lamco/Downloads/TC/TC/timing.sdc Line: 84
Warning (332049): Ignored set_output_delay at timing.sdc(84): Argument <targets> is an empty collection File: C:/Users/lamco/Downloads/TC/TC/timing.sdc Line: 84
    Info (332050): set_output_delay -max -clock clk_dram 1.508  [get_ports DRAM_CS_N] File: C:/Users/lamco/Downloads/TC/TC/timing.sdc Line: 84
Warning (332049): Ignored set_output_delay at timing.sdc(84): Argument -clock is not an object ID File: C:/Users/lamco/Downloads/TC/TC/timing.sdc Line: 84
Warning (332049): Ignored set_output_delay at timing.sdc(85): Argument <targets> is an empty collection File: C:/Users/lamco/Downloads/TC/TC/timing.sdc Line: 85
    Info (332050): set_output_delay -min -clock clk_dram -0.792 [get_ports DRAM_CS_N] File: C:/Users/lamco/Downloads/TC/TC/timing.sdc Line: 85
Warning (332049): Ignored set_output_delay at timing.sdc(85): Argument -clock is not an object ID File: C:/Users/lamco/Downloads/TC/TC/timing.sdc Line: 85
Warning (332174): Ignored filter at timing.sdc(87): VGA_R* could not be matched with a port File: C:/Users/lamco/Downloads/TC/TC/timing.sdc Line: 87
Warning (332174): Ignored filter at timing.sdc(87): clk_vga could not be matched with a clock File: C:/Users/lamco/Downloads/TC/TC/timing.sdc Line: 87
Warning (332049): Ignored set_output_delay at timing.sdc(87): Argument <targets> is an empty collection File: C:/Users/lamco/Downloads/TC/TC/timing.sdc Line: 87
    Info (332050): set_output_delay -max -clock clk_vga 0.220 [get_ports VGA_R*] File: C:/Users/lamco/Downloads/TC/TC/timing.sdc Line: 87
Warning (332049): Ignored set_output_delay at timing.sdc(87): Argument -clock is not an object ID File: C:/Users/lamco/Downloads/TC/TC/timing.sdc Line: 87
Warning (332049): Ignored set_output_delay at timing.sdc(88): Argument <targets> is an empty collection File: C:/Users/lamco/Downloads/TC/TC/timing.sdc Line: 88
    Info (332050): set_output_delay -min -clock clk_vga -1.506 [get_ports VGA_R*] File: C:/Users/lamco/Downloads/TC/TC/timing.sdc Line: 88
Warning (332049): Ignored set_output_delay at timing.sdc(88): Argument -clock is not an object ID File: C:/Users/lamco/Downloads/TC/TC/timing.sdc Line: 88
Warning (332174): Ignored filter at timing.sdc(89): VGA_G* could not be matched with a port File: C:/Users/lamco/Downloads/TC/TC/timing.sdc Line: 89
Warning (332049): Ignored set_output_delay at timing.sdc(89): Argument <targets> is an empty collection File: C:/Users/lamco/Downloads/TC/TC/timing.sdc Line: 89
    Info (332050): set_output_delay -max -clock clk_vga 0.212 [get_ports VGA_G*] File: C:/Users/lamco/Downloads/TC/TC/timing.sdc Line: 89
Warning (332049): Ignored set_output_delay at timing.sdc(89): Argument -clock is not an object ID File: C:/Users/lamco/Downloads/TC/TC/timing.sdc Line: 89
Warning (332049): Ignored set_output_delay at timing.sdc(90): Argument <targets> is an empty collection File: C:/Users/lamco/Downloads/TC/TC/timing.sdc Line: 90
    Info (332050): set_output_delay -min -clock clk_vga -1.519 [get_ports VGA_G*] File: C:/Users/lamco/Downloads/TC/TC/timing.sdc Line: 90
Warning (332049): Ignored set_output_delay at timing.sdc(90): Argument -clock is not an object ID File: C:/Users/lamco/Downloads/TC/TC/timing.sdc Line: 90
Warning (332174): Ignored filter at timing.sdc(91): VGA_B* could not be matched with a port File: C:/Users/lamco/Downloads/TC/TC/timing.sdc Line: 91
Warning (332049): Ignored set_output_delay at timing.sdc(91): Argument <targets> is an empty collection File: C:/Users/lamco/Downloads/TC/TC/timing.sdc Line: 91
    Info (332050): set_output_delay -max -clock clk_vga 0.264 [get_ports VGA_B*] File: C:/Users/lamco/Downloads/TC/TC/timing.sdc Line: 91
Warning (332049): Ignored set_output_delay at timing.sdc(91): Argument -clock is not an object ID File: C:/Users/lamco/Downloads/TC/TC/timing.sdc Line: 91
Warning (332049): Ignored set_output_delay at timing.sdc(92): Argument <targets> is an empty collection File: C:/Users/lamco/Downloads/TC/TC/timing.sdc Line: 92
    Info (332050): set_output_delay -min -clock clk_vga -1.519 [get_ports VGA_B*] File: C:/Users/lamco/Downloads/TC/TC/timing.sdc Line: 92
Warning (332049): Ignored set_output_delay at timing.sdc(92): Argument -clock is not an object ID File: C:/Users/lamco/Downloads/TC/TC/timing.sdc Line: 92
Warning (332174): Ignored filter at timing.sdc(93): VGA_BLANK_N could not be matched with a port File: C:/Users/lamco/Downloads/TC/TC/timing.sdc Line: 93
Warning (332049): Ignored set_output_delay at timing.sdc(93): Argument <targets> is an empty collection File: C:/Users/lamco/Downloads/TC/TC/timing.sdc Line: 93
    Info (332050): set_output_delay -max -clock clk_vga 0.215 [get_ports VGA_BLANK_N] File: C:/Users/lamco/Downloads/TC/TC/timing.sdc Line: 93
Warning (332049): Ignored set_output_delay at timing.sdc(93): Argument -clock is not an object ID File: C:/Users/lamco/Downloads/TC/TC/timing.sdc Line: 93
Warning (332049): Ignored set_output_delay at timing.sdc(94): Argument <targets> is an empty collection File: C:/Users/lamco/Downloads/TC/TC/timing.sdc Line: 94
    Info (332050): set_output_delay -min -clock clk_vga -1.485 [get_ports VGA_BLANK_N] File: C:/Users/lamco/Downloads/TC/TC/timing.sdc Line: 94
Warning (332049): Ignored set_output_delay at timing.sdc(94): Argument -clock is not an object ID File: C:/Users/lamco/Downloads/TC/TC/timing.sdc Line: 94
Info (332142): No user constrained base clocks found in the design. Calling "derive_clocks -period 1.0"
Info (332105): Deriving Clocks
    Info (332105): create_clock -period 1.000 -name clk clk
Info (332123): Deriving Clock Uncertainty. Please refer to report_sdc in the Timing Analyzer to see clock uncertainties.
Info: Found TIMING_ANALYZER_REPORT_SCRIPT_INCLUDE_DEFAULT_ANALYSIS = ON
Info: Analyzing Slow 1100mV 85C Model
Critical Warning (332148): Timing requirements not met
    Info (11105): For recommendations on closing timing, run Report Timing Closure Recommendations in the Timing Analyzer.
Info (332146): Worst-case setup slack is -8.342
    Info (332119):     Slack       End Point TNS Clock 
    Info (332119): ========= =================== =====================
    Info (332119):    -8.342         -189151.459 clk 
Info (332146): Worst-case hold slack is 0.303
    Info (332119):     Slack       End Point TNS Clock 
    Info (332119): ========= =================== =====================
    Info (332119):     0.303               0.000 clk 
Info (332146): Worst-case recovery slack is -0.944
    Info (332119):     Slack       End Point TNS Clock 
    Info (332119): ========= =================== =====================
    Info (332119):    -0.944             -28.039 clk 
Info (332146): Worst-case removal slack is 0.319
    Info (332119):     Slack       End Point TNS Clock 
    Info (332119): ========= =================== =====================
    Info (332119):     0.319               0.000 clk 
Info (332146): Worst-case minimum pulse width slack is -2.174
    Info (332119):     Slack       End Point TNS Clock 
    Info (332119): ========= =================== =====================
    Info (332119):    -2.174          -23802.743 clk 
Info (332114): Report Metastability: Found 1 synchronizer chains.
    Info (332114): Design MTBF is not calculated because the design doesn't meet its timing requirements.
Info: Analyzing Slow 1100mV 0C Model
Info (334003): Started post-fitting delay annotation
Info (334004): Delay annotation completed successfully
Info (332123): Deriving Clock Uncertainty. Please refer to report_sdc in the Timing Analyzer to see clock uncertainties.
Critical Warning (332148): Timing requirements not met
    Info (11105): For recommendations on closing timing, run Report Timing Closure Recommendations in the Timing Analyzer.
Info (332146): Worst-case setup slack is -8.039
    Info (332119):     Slack       End Point TNS Clock 
    Info (332119): ========= =================== =====================
    Info (332119):    -8.039         -184633.064 clk 
Info (332146): Worst-case hold slack is 0.248
    Info (332119):     Slack       End Point TNS Clock 
    Info (332119): ========= =================== =====================
    Info (332119):     0.248               0.000 clk 
Info (332146): Worst-case recovery slack is -0.852
    Info (332119):     Slack       End Point TNS Clock 
    Info (332119): ========= =================== =====================
    Info (332119):    -0.852             -23.628 clk 
Info (332146): Worst-case removal slack is 0.245
    Info (332119):     Slack       End Point TNS Clock 
    Info (332119): ========= =================== =====================
    Info (332119):     0.245               0.000 clk 
Info (332146): Worst-case minimum pulse width slack is -2.174
    Info (332119):     Slack       End Point TNS Clock 
    Info (332119): ========= =================== =====================
    Info (332119):    -2.174          -21704.775 clk 
Info (332114): Report Metastability: Found 1 synchronizer chains.
    Info (332114): Design MTBF is not calculated because the design doesn't meet its timing requirements.
Info: Analyzing Fast 1100mV 85C Model
Info (334003): Started post-fitting delay annotation
Info (334004): Delay annotation completed successfully
Info (332123): Deriving Clock Uncertainty. Please refer to report_sdc in the Timing Analyzer to see clock uncertainties.
Critical Warning (332148): Timing requirements not met
    Info (11105): For recommendations on closing timing, run Report Timing Closure Recommendations in the Timing Analyzer.
Info (332146): Worst-case setup slack is -5.674
    Info (332119):     Slack       End Point TNS Clock 
    Info (332119): ========= =================== =====================
    Info (332119):    -5.674         -104499.446 clk 
Info (332146): Worst-case hold slack is 0.151
    Info (332119):     Slack       End Point TNS Clock 
    Info (332119): ========= =================== =====================
    Info (332119):     0.151               0.000 clk 
Info (332146): Worst-case recovery slack is -0.242
    Info (332119):     Slack       End Point TNS Clock 
    Info (332119): ========= =================== =====================
    Info (332119):    -0.242              -2.326 clk 
Info (332146): Worst-case removal slack is 0.211
    Info (332119):     Slack       End Point TNS Clock 
    Info (332119): ========= =================== =====================
    Info (332119):     0.211               0.000 clk 
Info (332146): Worst-case minimum pulse width slack is -2.174
    Info (332119):     Slack       End Point TNS Clock 
    Info (332119): ========= =================== =====================
    Info (332119):    -2.174          -15913.474 clk 
Info (332114): Report Metastability: Found 1 synchronizer chains.
    Info (332114): Design MTBF is not calculated because the design doesn't meet its timing requirements.
Info: Analyzing Fast 1100mV 0C Model
Info (332123): Deriving Clock Uncertainty. Please refer to report_sdc in the Timing Analyzer to see clock uncertainties.
Critical Warning (332148): Timing requirements not met
    Info (11105): For recommendations on closing timing, run Report Timing Closure Recommendations in the Timing Analyzer.
Info (332146): Worst-case setup slack is -4.828
    Info (332119):     Slack       End Point TNS Clock 
    Info (332119): ========= =================== =====================
    Info (332119):    -4.828          -89700.268 clk 
Info (332146): Worst-case hold slack is 0.096
    Info (332119):     Slack       End Point TNS Clock 
    Info (332119): ========= =================== =====================
    Info (332119):     0.096               0.000 clk 
Info (332146): Worst-case recovery slack is -0.124
    Info (332119):     Slack       End Point TNS Clock 
    Info (332119): ========= =================== =====================
    Info (332119):    -0.124              -0.422 clk 
Info (332146): Worst-case removal slack is 0.143
    Info (332119):     Slack       End Point TNS Clock 
    Info (332119): ========= =================== =====================
    Info (332119):     0.143               0.000 clk 
Info (332146): Worst-case minimum pulse width slack is -2.174
    Info (332119):     Slack       End Point TNS Clock 
    Info (332119): ========= =================== =====================
    Info (332119):    -2.174          -18981.606 clk 
Info (332114): Report Metastability: Found 1 synchronizer chains.
    Info (332114): Design MTBF is not calculated because the design doesn't meet its timing requirements.
Info (332102): Design is not fully constrained for setup requirements
Info (332102): Design is not fully constrained for hold requirements
Info: Quartus Prime Timing Analyzer was successful. 0 errors, 106 warnings
    Info: Peak virtual memory: 5930 megabytes
    Info: Processing ended: Sat Nov  1 17:24:04 2025
    Info: Elapsed time: 00:02:38
    Info: Total CPU time (on all processors): 00:03:55


